// Jest Snapshot v1, https://goo.gl/fbAQLP

exports[`PostsScreen Snapshot renders correctly 1`] = `
<View
  style={
    {
      "flex": 1,
    }
  }
>
  <View
    style={
      {
        "alignItems": "center",
        "flex": 1,
        "justifyContent": "center",
      }
    }
  >
    <ActivityIndicator
      size="large"
    />
  </View>
</View>
`;
